
5. Printing statistics.

=== csc_result_transport_ctrl ===

        +----------Local Count, excluding submodules.
        | 
      175 wires
     4100 wire bits
       52 public wires
     2816 public wire bits
       27 ports
     1203 port bits
      153 cells
        7   $add
        4   $adff
       10   $adffe
        4   $and
        8   $dffe
       15   $eq
        4   $ge
       26   $logic_and
        9   $logic_not
        6   $lt
       23   $mux
        4   $neg
        6   $not
        4   $or
        2   $pmux
        8   $reduce_and
        6   $reduce_bool
        6   $shift
        1   $sub

