
24. Printing statistics.

=== csc_bg_engine ===

        +----------Local Count, excluding submodules.
        |        +-Local Area, excluding submodules.
        |        | 
      796        - wires
     3922        - wire bits
       79        - public wires
     3205        - public wire bits
       57        - ports
     2654        - port bits
     1110      768 cells
       52   15.335   AND2_X1
        1    0.393   AND3_X1
        1    0.442   AND4_X1
        1    0.295   AOI21_X1
        1    0.344   AOI22_X1
      390  498.401   DFFRNQ_X1
      149   21.971   INV_X1
      240  153.354   MUX2_X1
      104   20.447   NAND2_X1
        1    0.295   NAND3_X1
        3    1.032   NAND4_X1
       11    2.163   NOR2_X1
        3    0.885   NOR3_X1
        4     1.18   OAI21_X1
      145   49.889   OAI22_X1
        1    0.295   OR2_X1
        1    0.393   OR3_X1
        2    0.885   OR4_X1
        5        - submodules
        1        -   $paramod$dfbce0646fb9469bde087970195f88ed1e53f4ad\csc_bga
        1        -   $paramod\csc_batch_ingress\BATCH_WIDTH=s32'00000000000000000000000000001000
        1        -   csc_control_top
        1        -   csc_partial_event_gen
        1        -   csc_transport_top

   Chip area for module '\csc_bg_engine': 768.000000
     of which used for sequential elements: 498.401280 (64.90%)

=== csc_transport_top ===

        +----------Local Count, excluding submodules.
        |        +-Local Area, excluding submodules.
        |        | 
       35        - wires
     1320        - wire bits
       35        - public wires
     1320        - public wire bits
       28        - ports
      993        - port bits
        3        - submodules
        1        -   csc_burst_packer
        1        -   csc_result_serializer
        1        -   csc_result_transport_ctrl

   Chip area for module '\csc_transport_top': 0.000000
     of which used for sequential elements: 0.000000 (-nan%)

=== csc_control_top ===

        +----------Local Count, excluding submodules.
        |        +-Local Area, excluding submodules.
        |        | 
       46        - wires
      582        - wire bits
       40        - public wires
      576        - public wire bits
       18        - ports
      315        - port bits
        9    3.293 cells
        4     1.18   AND2_X1
        1    0.295   AOI21_X1
        1    1.278   DFFRNQ_X1
        1    0.147   INV_X1
        2    0.393   NOR2_X1
        3        - submodules
        1        -   $paramod$fe38d6bfe12bb2ab7f6bcf87415a3cea9e718aaa\csc_request_tracker
        1        -   $paramod\csc_agu\TAG_W=s32'00000000000000000000000000001000
        1        -   csc_descriptor_engine

   Chip area for module '\csc_control_top': 3.293184
     of which used for sequential elements: 1.277952 (38.81%)

=== csc_result_transport_ctrl ===

        +----------Local Count, excluding submodules.
        |        +-Local Area, excluding submodules.
        |        | 
     5285        - wires
     8051        - wire bits
       52        - public wires
     2816        - public wire bits
       27        - ports
     1203        - port bits
     6949  3.1E+03 cells
       31    9.142   AND2_X1
        5    1.966   AND3_X1
       16    7.078   AND4_X1
       99   29.196   AOI21_X1
      544  187.171   AOI22_X1
     1455  1859.42   DFFRNQ_X1
      123   18.137   INV_X1
       11    7.029   MUX2_X1
     4198   825.36   NAND2_X1
       21    6.193   NAND3_X1
       35   12.042   NAND4_X1
      106    20.84   NOR2_X1
       22    6.488   NOR3_X1
       41   14.107   NOR4_X1
       56   16.515   OAI21_X1
       38   13.074   OAI22_X1
        7    2.064   OR2_X1
        3     1.18   OR3_X1
        4    1.769   OR4_X1
       99   43.794   XNOR2_X1
       35   15.483   XOR2_X1

   Chip area for module '\csc_result_transport_ctrl': 3098.050560
     of which used for sequential elements: 1859.420160 (60.02%)

=== csc_burst_packer ===

        +----------Local Count, excluding submodules.
        |        +-Local Area, excluding submodules.
        |        | 
      353        - wires
     1185        - wire bits
       13        - public wires
      590        - public wire bits
       10        - ports
      330        - port bits
      856  491.815 cells
        1    0.295   AND2_X1
      128   37.749   AOI21_X1
      260  332.268   DFFRNQ_X1
      129   19.022   INV_X1
        5    0.983   NAND2_X1
      130   38.339   NAND3_X1
        3    1.032   NAND4_X1
        2    0.393   NOR2_X1
        1    0.344   NOR4_X1
      132   38.928   OAI21_X1
       64    22.02   OAI22_X1
        1    0.442   XNOR2_X1

   Chip area for module '\csc_burst_packer': 491.814912
     of which used for sequential elements: 332.267520 (67.56%)

=== csc_result_serializer ===

        +----------Local Count, excluding submodules.
        |        +-Local Area, excluding submodules.
        |        | 
        7        - wires
      116        - wire bits
        7        - public wires
      116        - public wire bits
        7        - ports
      116        - port bits

=== $paramod\csc_batch_ingress\BATCH_WIDTH=s32'00000000000000000000000000001000 ===

        +----------Local Count, excluding submodules.
        |        +-Local Area, excluding submodules.
        |        | 
     1659        - wires
     2478        - wire bits
       16        - public wires
      835        - public wire bits
       11        - ports
      442        - port bits
     2086  889.946 cells
        3    0.885   AND2_X1
       38   14.942   AND3_X1
        3    1.327   AND4_X1
      142   41.878   AOI21_X1
       52   17.891   AOI22_X1
      393  502.235   DFFRNQ_X1
       89   13.124   INV_X1
     1031  202.703   NAND2_X1
       28    8.258   NAND3_X1
       23    7.913   NAND4_X1
       56    11.01   NOR2_X1
       20    5.898   NOR3_X1
        1    0.344   NOR4_X1
      194   57.213   OAI21_X1
        5     1.72   OAI22_X1
        6    1.769   OR2_X1
        1    0.393   OR3_X1
        1    0.442   XNOR2_X1

   Chip area for module '$paramod\csc_batch_ingress\BATCH_WIDTH=s32'00000000000000000000000000001000': 889.946112
     of which used for sequential elements: 502.235136 (56.43%)

=== $paramod\csc_agu\TAG_W=s32'00000000000000000000000000001000 ===

        +----------Local Count, excluding submodules.
        |        +-Local Area, excluding submodules.
        |        | 
      466        - wires
      762        - wire bits
       22        - public wires
      318        - public wire bits
       20        - ports
      314        - port bits
      516  153.551 cells
       18    5.308   AND2_X1
        1    0.393   AND3_X1
        5    2.212   AND4_X1
       38   11.207   AOI21_X1
       43   14.795   AOI22_X1
        8   10.224   DFFRNQ_X1
       37    5.456   INV_X1
       88   17.302   NAND2_X1
       24    7.078   NAND3_X1
       15    5.161   NAND4_X1
       67   13.173   NOR2_X1
        3    0.885   NOR3_X1
       11    3.785   NOR4_X1
       70   20.644   OAI21_X1
        7    2.408   OAI22_X1
       15    4.424   OR2_X1
        2    0.786   OR3_X1
        2    0.885   OR4_X1
       52   23.003   XNOR2_X1
       10    4.424   XOR2_X1

   Chip area for module '$paramod\csc_agu\TAG_W=s32'00000000000000000000000000001000': 153.550848
     of which used for sequential elements: 10.223616 (6.66%)

=== csc_partial_event_gen ===

        +----------Local Count, excluding submodules.
        |        +-Local Area, excluding submodules.
        |        | 
     3377        - wires
     4988        - wire bits
       16        - public wires
     1627        - public wire bits
       11        - ports
      838        - port bits
     4200 1.78E+03 cells
        3    0.885   AND2_X1
      292   86.114   AOI21_X1
      107   36.815   AOI22_X1
      789 1.01E+03   DFFRNQ_X1
      182   26.837   INV_X1
        3    1.917   MUX2_X1
     2183  429.195   NAND2_X1
       68   20.054   NAND3_X1
       65   22.364   NAND4_X1
       73   14.352   NOR2_X1
      407  120.029   OAI21_X1
       25    8.602   OAI22_X1
        1    0.295   OR2_X1
        2    0.885   XNOR2_X1

   Chip area for module '\csc_partial_event_gen': 1776.648192
     of which used for sequential elements: 1008.304128 (56.75%)

=== $paramod$fe38d6bfe12bb2ab7f6bcf87415a3cea9e718aaa\csc_request_tracker ===

        +----------Local Count, excluding submodules.
        |        +-Local Area, excluding submodules.
        |        | 
      720        - wires
      991        - wire bits
       50        - public wires
      306        - public wire bits
       13        - ports
       33        - port bits
      872    472.4 cells
       23    6.783   AND2_X1
        9    3.539   AND3_X1
        4    1.769   AND4_X1
       45   13.271   AOI21_X1
       18    6.193   AOI22_X1
      182  232.587   DFFRNQ_X1
       59      8.7   INV_X1
      123   78.594   MUX2_X1
      107   21.037   NAND2_X1
       19    5.603   NAND3_X1
       29    9.978   NAND4_X1
       65    12.78   NOR2_X1
       13    3.834   NOR3_X1
       30   10.322   NOR4_X1
       33    9.732   OAI21_X1
       13    4.473   OAI22_X1
        5    1.475   OR2_X1
        6    2.359   OR3_X1
        5    2.212   OR4_X1
       39   17.252   XNOR2_X1
       45   19.907   XOR2_X1

   Chip area for module '$paramod$fe38d6bfe12bb2ab7f6bcf87415a3cea9e718aaa\csc_request_tracker': 472.399872
     of which used for sequential elements: 232.587264 (49.24%)

=== $paramod$dfbce0646fb9469bde087970195f88ed1e53f4ad\csc_bga ===

        +----------Local Count, excluding submodules.
        |        +-Local Area, excluding submodules.
        |        | 
    49878        - wires
    59398        - wire bits
      479        - public wires
     9936        - public wire bits
       19        - ports
      162        - port bits
    59263 2.64E+04 cells
      541  159.547   AND2_X1
      154   60.555   AND3_X1
       78   34.505   AND4_X1
     4343 1.28E+03   AOI21_X1
     6663 2.29E+03   AOI22_X1
     9711 1.24E+04   DFFRNQ_X1
     1837  270.877   INV_X1
     3326 2.13E+03   MUX2_X1
    17064 3.35E+03   NAND2_X1
      666  196.411   NAND3_X1
     1586  545.686   NAND4_X1
     4585  901.448   NOR2_X1
      902  266.011   NOR3_X1
      701  241.189   NOR4_X1
     4356 1.28E+03   OAI21_X1
     1460  502.333   OAI22_X1
      359  105.873   OR2_X1
       66   25.952   OR3_X1
       58   25.657   OR4_X1
      542  239.763   XNOR2_X1
      265  117.228   XOR2_X1

   Chip area for module '$paramod$dfbce0646fb9469bde087970195f88ed1e53f4ad\csc_bga': 26441.318400
     of which used for sequential elements: 12410.191872 (46.93%)

=== csc_descriptor_engine ===

        +----------Local Count, excluding submodules.
        |        +-Local Area, excluding submodules.
        |        | 
     1083        - wires
     1571        - wire bits
       21        - public wires
      509        - public wire bits
       20        - ports
      477        - port bits
     1342  623.247 cells
       39   11.502   AND2_X1
       11    4.325   AND3_X1
       14    6.193   AND4_X1
       55    16.22   AOI21_X1
      157   54.018   AOI22_X1
      258  329.712   DFFRNQ_X1
       63     9.29   INV_X1
      332   65.274   NAND2_X1
       10    2.949   NAND3_X1
       15    5.161   NAND4_X1
       81   15.925   NOR2_X1
       17    5.014   NOR3_X1
       28    9.634   NOR4_X1
      173    51.02   OAI21_X1
        1    0.344   OAI22_X1
       14    4.129   OR2_X1
        4    1.573   OR3_X1
       44   19.464   XNOR2_X1
       26   11.502   XOR2_X1

   Chip area for module '\csc_descriptor_engine': 623.247360
     of which used for sequential elements: 329.711616 (52.90%)

=== design hierarchy ===

        +----------Count including submodules.
        |        +-Area including submodules.
        |        | 
    77203 3.47E+04 csc_bg_engine
    59263 2.64E+04 $paramod$dfbce0646fb9469bde087970195f88ed1e53f4ad\csc_bga
     2086  889.946 $paramod\csc_batch_ingress\BATCH_WIDTH=s32'00000000000000000000000000001000
        9    3.293 csc_control_top
      872    472.4   $paramod$fe38d6bfe12bb2ab7f6bcf87415a3cea9e718aaa\csc_request_tracker
      516  153.551   $paramod\csc_agu\TAG_W=s32'00000000000000000000000000001000
     1342  623.247   csc_descriptor_engine
     4200 1.78E+03 csc_partial_event_gen
      856  491.815   csc_burst_packer
     6949  3.1E+03   csc_result_transport_ctrl

        +----------Count including submodules.
        |        +-Area including submodules.
        |        | 
    63705        - wires
    85364        - wire bits
      830        - public wires
    22154        - public wire bits
      241        - ports
     7877        - port bits
        -        - memories
        -        - memory bits
        -        - processes
    77203 3.47E+04 cells
      715  210.862   AND2_X1
      219   86.114   AND3_X1
      121   53.527   AND4_X1
     5144 1.52E+03   AOI21_X1
     7585 2.61E+03   AOI22_X1
    13447 1.72E+04   DFFRNQ_X1
     2669   393.56   INV_X1
     3703 2.37E+03   MUX2_X1
    25112  4937.22   NAND2_X1
      967   285.18   NAND3_X1
     1774   610.37   NAND4_X1
     5048  992.477   NOR2_X1
      980  289.014   NOR3_X1
      813  279.724   NOR4_X1
     5425  1.6E+03   OAI21_X1
     1758  604.865   OAI22_X1
      408  120.324   OR2_X1
       83   32.637   OR3_X1
       71   31.408   OR4_X1
      780  345.047   XNOR2_X1
      381  168.542   XOR2_X1
        5  3.4E+04 submodules
        1 2.64E+04   $paramod$dfbce0646fb9469bde087970195f88ed1e53f4ad\csc_bga
        1  889.946   $paramod\csc_batch_ingress\BATCH_WIDTH=s32'00000000000000000000000000001000
        1 1.25E+03   csc_control_top
        1 1.78E+03   csc_partial_event_gen
        1 3.59E+03   csc_transport_top

   Chip area for top module '\csc_bg_engine': 34718.269440
     of which used for sequential elements: 17184.620544 (49.50%)

