
24. Printing statistics.

=== csc_added_hw_top ===

        +----------Local Count, excluding submodules.
        |        +-Local Area, excluding submodules.
        |        | 
       57        - wires
     2654        - wire bits
       57        - public wires
     2654        - public wire bits
       57        - ports
     2654        - port bits
        1        - submodules
        1        -   $paramod$820c2a1ee3a10bcf76a0a26c63b063cf73c31327\csc_bg_engine

   Chip area for module '\csc_added_hw_top': 0.000000
     of which used for sequential elements: 0.000000 (-nan%)

=== $paramod$820c2a1ee3a10bcf76a0a26c63b063cf73c31327\csc_bg_engine ===

        +----------Local Count, excluding submodules.
        |        +-Local Area, excluding submodules.
        |        | 
      786        - wires
     3912        - wire bits
       79        - public wires
     3205        - public wire bits
       57        - ports
     2654        - port bits
     1100  768.639 cells
       50   14.746   AND2_X1
        1    0.393   AND3_X1
        1    0.442   AND4_X1
        1    0.295   AOI21_X1
      390  498.401   DFFRNQ_X1
      145   21.381   INV_X1
      245  156.549   MUX2_X1
       99   19.464   NAND2_X1
        3    0.885   NAND3_X1
        1    0.344   NAND4_X1
        5    0.983   NOR2_X1
        6    1.769   NOR3_X1
        1    0.344   NOR4_X1
        4     1.18   OAI21_X1
      141   48.513   OAI22_X1
        1    0.295   OR2_X1
        2    0.885   OR4_X1
        4    1.769   XNOR2_X1
        5        - submodules
        1        -   $paramod$dfbce0646fb9469bde087970195f88ed1e53f4ad\csc_bga
        1        -   $paramod\csc_batch_ingress\BATCH_WIDTH=s32'00000000000000000000000000001000
        1        -   csc_control_top
        1        -   csc_partial_event_gen
        1        -   csc_transport_top

   Chip area for module '$paramod$820c2a1ee3a10bcf76a0a26c63b063cf73c31327\csc_bg_engine': 768.638976
     of which used for sequential elements: 498.401280 (64.84%)

=== csc_transport_top ===

        +----------Local Count, excluding submodules.
        |        +-Local Area, excluding submodules.
        |        | 
       35        - wires
     1320        - wire bits
       35        - public wires
     1320        - public wire bits
       28        - ports
      993        - port bits
        3        - submodules
        1        -   csc_burst_packer
        1        -   csc_result_serializer
        1        -   csc_result_transport_ctrl

   Chip area for module '\csc_transport_top': 0.000000
     of which used for sequential elements: 0.000000 (-nan%)

=== csc_control_top ===

        +----------Local Count, excluding submodules.
        |        +-Local Area, excluding submodules.
        |        | 
       46        - wires
      582        - wire bits
       40        - public wires
      576        - public wire bits
       18        - ports
      315        - port bits
        9    3.293 cells
        4     1.18   AND2_X1
        1    0.295   AOI21_X1
        1    1.278   DFFRNQ_X1
        1    0.147   INV_X1
        2    0.393   NOR2_X1
        3        - submodules
        1        -   $paramod$fe38d6bfe12bb2ab7f6bcf87415a3cea9e718aaa\csc_request_tracker
        1        -   $paramod\csc_agu\TAG_W=s32'00000000000000000000000000001000
        1        -   csc_descriptor_engine

   Chip area for module '\csc_control_top': 3.293184
     of which used for sequential elements: 1.277952 (38.81%)

=== csc_result_transport_ctrl ===

        +----------Local Count, excluding submodules.
        |        +-Local Area, excluding submodules.
        |        | 
     5317        - wires
     8083        - wire bits
       52        - public wires
     2816        - public wire bits
       27        - ports
     1203        - port bits
     6981  3.1E+03 cells
       28    8.258   AND2_X1
        8    3.146   AND3_X1
       19    8.405   AND4_X1
       50   14.746   AOI21_X1
      560  192.676   AOI22_X1
     1455  1859.42   DFFRNQ_X1
      148   21.823   INV_X1
        6    3.834   MUX2_X1
     4242  834.011   NAND2_X1
       32    9.437   NAND3_X1
       25    8.602   NAND4_X1
      101   19.857   NOR2_X1
       15    4.424   NOR3_X1
       28    9.634   NOR4_X1
       79   23.298   OAI21_X1
       64    22.02   OAI22_X1
        9    2.654   OR2_X1
        3     1.18   OR3_X1
        5    2.212   OR4_X1
       85   37.601   XNOR2_X1
       19    8.405   XOR2_X1

   Chip area for module '\csc_result_transport_ctrl': 3095.642112
     of which used for sequential elements: 1859.420160 (60.07%)

=== csc_burst_packer ===

        +----------Local Count, excluding submodules.
        |        +-Local Area, excluding submodules.
        |        | 
      353        - wires
     1185        - wire bits
       13        - public wires
      590        - public wire bits
       10        - ports
      330        - port bits
      856  491.815 cells
        1    0.295   AND2_X1
      128   37.749   AOI21_X1
      260  332.268   DFFRNQ_X1
      129   19.022   INV_X1
        5    0.983   NAND2_X1
      130   38.339   NAND3_X1
        3    1.032   NAND4_X1
        2    0.393   NOR2_X1
        1    0.344   NOR4_X1
      132   38.928   OAI21_X1
       64    22.02   OAI22_X1
        1    0.442   XNOR2_X1

   Chip area for module '\csc_burst_packer': 491.814912
     of which used for sequential elements: 332.267520 (67.56%)

=== csc_result_serializer ===

        +----------Local Count, excluding submodules.
        |        +-Local Area, excluding submodules.
        |        | 
        7        - wires
      116        - wire bits
        7        - public wires
      116        - public wire bits
        7        - ports
      116        - port bits

=== $paramod\csc_batch_ingress\BATCH_WIDTH=s32'00000000000000000000000000001000 ===

        +----------Local Count, excluding submodules.
        |        +-Local Area, excluding submodules.
        |        | 
     1659        - wires
     2478        - wire bits
       16        - public wires
      835        - public wire bits
       11        - ports
      442        - port bits
     2086  889.946 cells
        3    0.885   AND2_X1
       38   14.942   AND3_X1
        3    1.327   AND4_X1
      142   41.878   AOI21_X1
       52   17.891   AOI22_X1
      393  502.235   DFFRNQ_X1
       89   13.124   INV_X1
     1031  202.703   NAND2_X1
       28    8.258   NAND3_X1
       23    7.913   NAND4_X1
       56    11.01   NOR2_X1
       20    5.898   NOR3_X1
        1    0.344   NOR4_X1
      194   57.213   OAI21_X1
        5     1.72   OAI22_X1
        6    1.769   OR2_X1
        1    0.393   OR3_X1
        1    0.442   XNOR2_X1

   Chip area for module '$paramod\csc_batch_ingress\BATCH_WIDTH=s32'00000000000000000000000000001000': 889.946112
     of which used for sequential elements: 502.235136 (56.43%)

=== $paramod$dfbce0646fb9469bde087970195f88ed1e53f4ad\csc_bga ===

        +----------Local Count, excluding submodules.
        |        +-Local Area, excluding submodules.
        |        | 
    49688        - wires
    59208        - wire bits
      479        - public wires
     9936        - public wire bits
       19        - ports
      162        - port bits
    59073 2.64E+04 cells
      510  150.405   AND2_X1
      167   65.667   AND3_X1
       86   38.044   AND4_X1
     4314  1272.25   AOI21_X1
     6870  2363.72   AOI22_X1
     9711 1.24E+04   DFFRNQ_X1
     1819  268.222   INV_X1
     3330  2127.79   MUX2_X1
    16923 3.33E+03   NAND2_X1
      618  182.256   NAND3_X1
     1532  527.106   NAND4_X1
     4692  922.485   NOR2_X1
      571  168.395   NOR3_X1
      692  238.092   NOR4_X1
     4337 1.28E+03   OAI21_X1
     1412  485.818   OAI22_X1
      342   100.86   OR2_X1
       53    20.84   OR3_X1
       52   23.003   OR4_X1
      616  272.499   XNOR2_X1
      426  188.449   XOR2_X1

   Chip area for module '$paramod$dfbce0646fb9469bde087970195f88ed1e53f4ad\csc_bga': 26432.323584
     of which used for sequential elements: 12410.191872 (46.95%)

=== csc_partial_event_gen ===

        +----------Local Count, excluding submodules.
        |        +-Local Area, excluding submodules.
        |        | 
     3350        - wires
     4961        - wire bits
       16        - public wires
     1627        - public wire bits
       11        - ports
      838        - port bits
     4173 1.77E+03 cells
        1    0.295   AND2_X1
        1    0.393   AND3_X1
      317   93.487   AOI21_X1
      122   41.976   AOI22_X1
      789 1.01E+03   DFFRNQ_X1
      195   28.754   INV_X1
        4    2.556   MUX2_X1
     2144  421.528   NAND2_X1
       62   18.285   NAND3_X1
       57   19.612   NAND4_X1
       35    6.881   NOR2_X1
        2     0.59   NOR3_X1
        1    0.344   NOR4_X1
      417  122.978   OAI21_X1
       22    7.569   OAI22_X1
        2     0.59   OR2_X1
        1    0.393   OR3_X1
        1    0.442   XNOR2_X1

   Chip area for module '\csc_partial_event_gen': 1774.977024
     of which used for sequential elements: 1008.304128 (56.81%)

=== $paramod\csc_agu\TAG_W=s32'00000000000000000000000000001000 ===

        +----------Local Count, excluding submodules.
        |        +-Local Area, excluding submodules.
        |        | 
      477        - wires
      773        - wire bits
       22        - public wires
      318        - public wire bits
       20        - ports
      314        - port bits
      527  156.008 cells
       18    5.308   AND2_X1
        2    0.885   AND4_X1
       40   11.796   AOI21_X1
       46   15.827   AOI22_X1
        8   10.224   DFFRNQ_X1
       40    5.898   INV_X1
       99   19.464   NAND2_X1
       18    5.308   NAND3_X1
       15    5.161   NAND4_X1
       61   11.993   NOR2_X1
        5    1.475   NOR3_X1
       13    4.473   NOR4_X1
       68   20.054   OAI21_X1
        7    2.408   OAI22_X1
       18    5.308   OR2_X1
        2    0.786   OR3_X1
        3    1.327   OR4_X1
       52   23.003   XNOR2_X1
       12    5.308   XOR2_X1

   Chip area for module '$paramod\csc_agu\TAG_W=s32'00000000000000000000000000001000': 156.008448
     of which used for sequential elements: 10.223616 (6.55%)

=== $paramod$fe38d6bfe12bb2ab7f6bcf87415a3cea9e718aaa\csc_request_tracker ===

        +----------Local Count, excluding submodules.
        |        +-Local Area, excluding submodules.
        |        | 
      741        - wires
     1012        - wire bits
       50        - public wires
      306        - public wire bits
       13        - ports
       33        - port bits
      893  473.481 cells
       22    6.488   AND2_X1
        5    1.966   AND3_X1
        7    3.097   AND4_X1
       41   12.091   AOI21_X1
       18    6.193   AOI22_X1
      182  232.587   DFFRNQ_X1
       56    8.258   INV_X1
      115   73.482   MUX2_X1
      130   25.559   NAND2_X1
       22    6.488   NAND3_X1
       35   12.042   NAND4_X1
       75   14.746   NOR2_X1
       16    4.719   NOR3_X1
       28    9.634   NOR4_X1
       34   10.027   OAI21_X1
        8    2.753   OAI22_X1
        2     0.59   OR2_X1
        3     1.18   OR3_X1
        5    2.212   OR4_X1
       46   20.349   XNOR2_X1
       43   19.022   XOR2_X1

   Chip area for module '$paramod$fe38d6bfe12bb2ab7f6bcf87415a3cea9e718aaa\csc_request_tracker': 473.481216
     of which used for sequential elements: 232.587264 (49.12%)

=== csc_descriptor_engine ===

        +----------Local Count, excluding submodules.
        |        +-Local Area, excluding submodules.
        |        | 
     1083        - wires
     1571        - wire bits
       21        - public wires
      509        - public wire bits
       20        - ports
      477        - port bits
     1342  623.247 cells
       39   11.502   AND2_X1
       11    4.325   AND3_X1
       14    6.193   AND4_X1
       55    16.22   AOI21_X1
      157   54.018   AOI22_X1
      258  329.712   DFFRNQ_X1
       63     9.29   INV_X1
      332   65.274   NAND2_X1
       10    2.949   NAND3_X1
       15    5.161   NAND4_X1
       81   15.925   NOR2_X1
       17    5.014   NOR3_X1
       28    9.634   NOR4_X1
      173    51.02   OAI21_X1
        1    0.344   OAI22_X1
       14    4.129   OR2_X1
        4    1.573   OR3_X1
       44   19.464   XNOR2_X1
       26   11.502   XOR2_X1

   Chip area for module '\csc_descriptor_engine': 623.247360
     of which used for sequential elements: 329.711616 (52.90%)

=== design hierarchy ===

        +----------Count including submodules.
        |        +-Area including submodules.
        |        | 
    77040 3.47E+04 csc_added_hw_top
     1100  768.639 $paramod$820c2a1ee3a10bcf76a0a26c63b063cf73c31327\csc_bg_engine
    59073 2.64E+04   $paramod$dfbce0646fb9469bde087970195f88ed1e53f4ad\csc_bga
     2086  889.946   $paramod\csc_batch_ingress\BATCH_WIDTH=s32'00000000000000000000000000001000
        9    3.293   csc_control_top
      893  473.481     $paramod$fe38d6bfe12bb2ab7f6bcf87415a3cea9e718aaa\csc_request_tracker
      527  156.008     $paramod\csc_agu\TAG_W=s32'00000000000000000000000000001000
     1342  623.247     csc_descriptor_engine
     4173 1.77E+03   csc_partial_event_gen
      856  491.815     csc_burst_packer
     6981  3.1E+03     csc_result_transport_ctrl

        +----------Count including submodules.
        |        +-Area including submodules.
        |        | 
    63599        - wires
    87855        - wire bits
      887        - public wires
    24808        - public wire bits
      298        - ports
    10531        - port bits
        -        - memories
        -        - memory bits
        -        - processes
    77040 3.47E+04 cells
      676  199.361   AND2_X1
      231   90.833   AND3_X1
      132   58.393   AND4_X1
     5089  1.5E+03   AOI21_X1
     7825 2.69E+03   AOI22_X1
    13447 1.72E+04   DFFRNQ_X1
     2685  395.919   INV_X1
     3700 2.36E+03   MUX2_X1
    25005 4.92E+03   NAND2_X1
      923  272.204   NAND3_X1
     1706  586.973   NAND4_X1
     5110    1E+03   NOR2_X1
      652  192.283   NOR3_X1
      793  272.843   NOR4_X1
     5438  1.6E+03   OAI21_X1
     1724  593.166   OAI22_X1
      394  116.195   OR2_X1
       67   26.345   OR3_X1
       67   29.639   OR4_X1
      850  376.013   XNOR2_X1
      526  232.686   XOR2_X1
        1 3.47E+04 submodules
        1 3.47E+04   $paramod$820c2a1ee3a10bcf76a0a26c63b063cf73c31327\csc_bg_engine

   Chip area for top module '\csc_added_hw_top': 34709.372928
     of which used for sequential elements: 17184.620544 (49.51%)

