
24. Printing statistics.

=== csc_request_tracker ===

        +----------Local Count, excluding submodules.
        |        +-Local Area, excluding submodules.
        |        | 
      717        - wires
      988        - wire bits
       50        - public wires
      306        - public wire bits
       13        - ports
       33        - port bits
      869  469.451 cells
       22    6.488   AND2_X1
        3     1.18   AND3_X1
        7    3.097   AND4_X1
       43   12.681   AOI21_X1
       20    6.881   AOI22_X1
      182  232.587   DFFRNQ_X1
       67     9.88   INV_X1
      119   76.038   MUX2_X1
       95   18.678   NAND2_X1
       14    4.129   NAND3_X1
       34   11.698   NAND4_X1
       74   14.549   NOR2_X1
       14    4.129   NOR3_X1
       25    8.602   NOR4_X1
       32    9.437   OAI21_X1
       13    4.473   OAI22_X1
        9    2.654   OR2_X1
        4    1.573   OR3_X1
        5    2.212   OR4_X1
       47   20.791   XNOR2_X1
       40   17.695   XOR2_X1

   Chip area for module '\csc_request_tracker': 469.450752
     of which used for sequential elements: 232.587264 (49.54%)

