
24. Printing statistics.

=== csc_batch_ingress ===

        +----------Local Count, excluding submodules.
        |        +-Local Area, excluding submodules.
        |        | 
     1647        - wires
     2466        - wire bits
       16        - public wires
      835        - public wire bits
       11        - ports
      442        - port bits
     2074   889.16 cells
        3    0.885   AND2_X1
       44   17.302   AND3_X1
        3    1.327   AND4_X1
      133   39.223   AOI21_X1
       62   21.332   AOI22_X1
      393  502.235   DFFRNQ_X1
       88   12.976   INV_X1
     1009  198.377   NAND2_X1
       34   10.027   NAND3_X1
       18    6.193   NAND4_X1
       60   11.796   NOR2_X1
       22    6.488   NOR3_X1
        1    0.344   NOR4_X1
      190   56.033   OAI21_X1
        5     1.72   OAI22_X1
        7    2.064   OR2_X1
        1    0.393   OR3_X1
        1    0.442   XNOR2_X1

   Chip area for module '\csc_batch_ingress': 889.159680
     of which used for sequential elements: 502.235136 (56.48%)

