
24. Printing statistics.

=== csc_descriptor_engine ===

        +----------Local Count, excluding submodules.
        |        +-Local Area, excluding submodules.
        |        | 
     1094        - wires
     1582        - wire bits
       21        - public wires
      509        - public wire bits
       20        - ports
      477        - port bits
     1353  628.359 cells
       33    9.732   AND2_X1
        2    0.786   AND3_X1
       17     7.52   AND4_X1
       28    8.258   AOI21_X1
      156   53.674   AOI22_X1
      258  329.712   DFFRNQ_X1
       63     9.29   INV_X1
      364   71.565   NAND2_X1
       12    3.539   NAND3_X1
       19    6.537   NAND4_X1
       72   14.156   NOR2_X1
       17    5.014   NOR3_X1
       30   10.322   NOR4_X1
      167    49.25   OAI21_X1
        1    0.344   OAI22_X1
       12    3.539   OR2_X1
        1    0.442   OR4_X1
       71   31.408   XNOR2_X1
       30   13.271   XOR2_X1

   Chip area for module '\csc_descriptor_engine': 628.359168
     of which used for sequential elements: 329.711616 (52.47%)

