
23. Printing statistics.

=== csc_burst_packer ===

        +----------Local Count, excluding submodules.
        |        +-Local Area, excluding submodules.
        |        | 
      354        - wires
     1186        - wire bits
       13        - public wires
      590        - public wire bits
       10        - ports
      330        - port bits
      857  491.667 cells
        1    0.442   AND4_X1
      128   37.749   AOI21_X1
      260  332.268   DFFRNQ_X1
      131   19.317   INV_X1
        6     1.18   NAND2_X1
      131   38.633   NAND3_X1
        3    1.032   NAND4_X1
        2    0.393   NOR2_X1
        1    0.295   NOR3_X1
      130   38.339   OAI21_X1
       64    22.02   OAI22_X1

   Chip area for module '\csc_burst_packer': 491.667456
     of which used for sequential elements: 332.267520 (67.58%)

